.\gradlew.bat : WARNING: A 
restricted method in 
java.lang.System has been 
called
At line:1 char:1
+ .\gradlew.bat build 
--console=plain 2>&1 > 
build_output.txt
+ ~~~~~~~~~~~~~~~~~~~~~~~~~~
~~~~~~~~~~~~~~~~~~~~~~~~~~~~
~~~~~
    + CategoryInfo          
    : NotSpecified: (WARNI  
  NG: A rest...has been c   
 alled:String) [], Remot    
eException
    + FullyQualifiedErrorId 
    : NativeCommandError
 
WARNING: 
java.lang.System::load has 
been called by net.rubygrape
fruit.platform.internal.Nati
veLibraryLoader in an 
unnamed module (file:/C:/Use
rs/ASUS/.gradle/wrapper/dist
s/gradle-9.2.1-bin/2t0n5ozlw
9xmuyvbp7dnzaxug/gradle-9.2.
1/lib/native-platform-0.22-m
ilestone-29.jar)
WARNING: Use --enable-native
-access=ALL-UNNAMED to 
avoid a warning for callers 
in this module
WARNING: Restricted methods 
will be blocked in a future 
release unless native 
access is enabled

> Task :app:compileJava
> Task :app:processResources UP-TO-DATE
> Task :app:classes
> Task :app:jar
> Task :app:startScripts
> Task :app:distTar
> Task :app:distZip
> Task :app:assemble

> Task :app:compileTestJava FAILED
C:\KALIADMIN\aplikasiedane\a
pp\src\test\java\com\joko\ap
likasiedane\AppTest.java:6: 
error: package 
org.junit.jupiter.api does 
not exist
import 
org.junit.jupiter.api.Test;
                            
^
C:\KALIADMIN\aplikasiedane\a
pp\src\test\java\com\joko\ap
likasiedane\AppTest.java:7: 
error: package 
org.junit.jupiter.api does 
not exist
import static org.junit.jupi
ter.api.Assertions.*;
                            
       ^
C:\KALIADMIN\aplikasiedane\a
pp\src\test\java\com\joko\ap
likasiedane\AppTest.java:10:
 error: cannot find symbol
    @Test void 
appHasAGreeting() {
     ^
  symbol:   class Test
  location: class AppTest
C:\KALIADMIN\aplikasiedane\a
pp\src\test\java\com\joko\ap
likasiedane\AppTest.java:12:
 error: cannot find symbol
        assertNotNull(classU
nderTest.getGreeting(), 
"app should have a 
greeting");
        ^
  symbol:   method 
assertNotNull(String,String)
  location: class AppTest
4 errors

[Incubating] Problems report is available at: file:///C:/KALIADMIN/aplikasiedane/build/reports/problems/problems-report.html

FAILURE: Build failed with 
an exception.

* What went wrong:
Execution failed for task 
':app:compileTestJava'.
> Compilation failed; see 
the compiler output below.
  C:\KALIADMIN\aplikasiedane
\app\src\test\java\com\joko\
aplikasiedane\AppTest.java:6
: error: package 
org.junit.jupiter.api does 
not exist
  import 
org.junit.jupiter.api.Test;
                            
  ^
  4 errors

* Try:
> Check your code and 
dependencies to fix the 
compilation error(s)
> Run with --scan to 
generate a Build Scan 
(powered by Develocity).

BUILD FAILED in 20s
7 actionable tasks: 6 executed, 1 up-to-date
